
> frontend-ticketeraqr@0.1.0 build
> next build

   Γû▓ Next.js 15.1.9
   - Environments: .env

   Creating an optimized production build ...
node.exe : Failed to 
compile.
En línea: 1 Carácter: 1
+ & "C:\Program 
Files\nodejs/node.exe" 
"C:\Program 
Files\nodejs/node_mo 
...
+ ~~~~~~~~~~~~~~~~~~~~~
~~~~~~~~~~~~~~~~~~~~~~~
~~~~~~~~~~~~~~~~~~~~~~~
~~
    + CategoryInfo     
         : NotSpecifi  
  ed: (Failed to com   
 pile.:String) [],     
RemoteException
    + FullyQualifiedEr 
   rorId : NativeComm  
  andError
 

src\app\layout.tsx
An error occurred in 
`next/font`.

Error: Cannot find 
module 'autoprefixer'
Require stack:
- C:\Users\migue\OneDri
ve\Documents\Facultad\E
05 - ART - Sistema func
ionando\frontend-ticket
eraqr\node_modules\next
\dist\build\webpack\con
fig\blocks\css\plugins.
js
- C:\Users\migue\OneDri
ve\Documents\Facultad\E
05 - ART - Sistema func
ionando\frontend-ticket
eraqr\node_modules\next
\dist\build\webpack\con
fig\blocks\css\index.js
- C:\Users\migue\OneDri
ve\Documents\Facultad\E
05 - ART - Sistema func
ionando\frontend-ticket
eraqr\node_modules\next
\dist\build\webpack\con
fig\index.js
- C:\Users\migue\OneDri
ve\Documents\Facultad\E
05 - ART - Sistema func
ionando\frontend-ticket
eraqr\node_modules\next
\dist\build\webpack-con
fig.js
- C:\Users\migue\OneDri
ve\Documents\Facultad\E
05 - ART - Sistema func
ionando\frontend-ticket
eraqr\node_modules\next
\dist\build\webpack-bui
ld\impl.js
- C:\Users\migue\OneDri
ve\Documents\Facultad\E
05 - ART - Sistema func
ionando\frontend-ticket
eraqr\node_modules\next
\dist\compiled\jest-wor
ker\processChild.js
    at 
Module.<anonymous> (nod
e:internal/modules/cjs/
loader:1420:15)
    at C:\Users\migue\O
neDrive\Documents\Facul
tad\E05 - ART - 
Sistema funcionando\fro
ntend-ticketeraqr\node_
modules\next\dist\serve
r\require-hook.js:55:36
    at require.resolve 
(node:internal/modules/
helpers:163:19)
    at loadPlugin (C:\U
sers\migue\OneDrive\Doc
uments\Facultad\E05 - 
ART - Sistema funcionan
do\frontend-ticketeraqr
\node_modules\next\dist
\build\webpack\config\b
locks\css\plugins.js:49
:32)
    at C:\Users\migue\O
neDrive\Documents\Facul
tad\E05 - ART - 
Sistema funcionando\fro
ntend-ticketeraqr\node_
modules\next\dist\build
\webpack\config\blocks\
css\plugins.js:157:56
    at Array.map 
(<anonymous>)
    at 
getPostCssPlugins (C:\U
sers\migue\OneDrive\Doc
uments\Facultad\E05 - 
ART - Sistema funcionan
do\frontend-ticketeraqr
\node_modules\next\dist
\build\webpack\config\b
locks\css\plugins.js:15
7:47)
    at async C:\Users\m
igue\OneDrive\Documents
\Facultad\E05 - ART - 
Sistema funcionando\fro
ntend-ticketeraqr\node_
modules\next\dist\build
\webpack\config\blocks\
css\index.js:124:36
    at async C:\Users\m
igue\OneDrive\Documents
\Facultad\E05 - ART - 
Sistema funcionando\fro
ntend-ticketeraqr\node_
modules\next\dist\build
\webpack\loaders\next-f
ont-loader\index.js:86:
33
    at async 
Span.traceAsyncFn (C:\U
sers\migue\OneDrive\Doc
uments\Facultad\E05 - 
ART - Sistema funcionan
do\frontend-ticketeraqr
\node_modules\next\dist
\trace\trace.js:153:20)

src\app\layout.tsx
An error occurred in 
`next/font`.

Error: Cannot find 
module 'autoprefixer'
Require stack:
- C:\Users\migue\OneDri
ve\Documents\Facultad\E
05 - ART - Sistema func
ionando\frontend-ticket
eraqr\node_modules\next
\dist\build\webpack\con
fig\blocks\css\plugins.
js
- C:\Users\migue\OneDri
ve\Documents\Facultad\E
05 - ART - Sistema func
ionando\frontend-ticket
eraqr\node_modules\next
\dist\build\webpack\con
fig\blocks\css\index.js
- C:\Users\migue\OneDri
ve\Documents\Facultad\E
05 - ART - Sistema func
ionando\frontend-ticket
eraqr\node_modules\next
\dist\build\webpack\con
fig\index.js
- C:\Users\migue\OneDri
ve\Documents\Facultad\E
05 - ART - Sistema func
ionando\frontend-ticket
eraqr\node_modules\next
\dist\build\webpack-con
fig.js
- C:\Users\migue\OneDri
ve\Documents\Facultad\E
05 - ART - Sistema func
ionando\frontend-ticket
eraqr\node_modules\next
\dist\build\webpack-bui
ld\impl.js
- C:\Users\migue\OneDri
ve\Documents\Facultad\E
05 - ART - Sistema func
ionando\frontend-ticket
eraqr\node_modules\next
\dist\compiled\jest-wor
ker\processChild.js
    at 
Module.<anonymous> (nod
e:internal/modules/cjs/
loader:1420:15)
    at C:\Users\migue\O
neDrive\Documents\Facul
tad\E05 - ART - 
Sistema funcionando\fro
ntend-ticketeraqr\node_
modules\next\dist\serve
r\require-hook.js:55:36
    at require.resolve 
(node:internal/modules/
helpers:163:19)
    at loadPlugin (C:\U
sers\migue\OneDrive\Doc
uments\Facultad\E05 - 
ART - Sistema funcionan
do\frontend-ticketeraqr
\node_modules\next\dist
\build\webpack\config\b
locks\css\plugins.js:49
:32)
    at C:\Users\migue\O
neDrive\Documents\Facul
tad\E05 - ART - 
Sistema funcionando\fro
ntend-ticketeraqr\node_
modules\next\dist\build
\webpack\config\blocks\
css\plugins.js:157:56
    at Array.map 
(<anonymous>)
    at 
getPostCssPlugins (C:\U
sers\migue\OneDrive\Doc
uments\Facultad\E05 - 
ART - Sistema funcionan
do\frontend-ticketeraqr
\node_modules\next\dist
\build\webpack\config\b
locks\css\plugins.js:15
7:47)
    at async C:\Users\m
igue\OneDrive\Documents
\Facultad\E05 - ART - 
Sistema funcionando\fro
ntend-ticketeraqr\node_
modules\next\dist\build
\webpack\config\blocks\
css\index.js:124:36
    at async C:\Users\m
igue\OneDrive\Documents
\Facultad\E05 - ART - 
Sistema funcionando\fro
ntend-ticketeraqr\node_
modules\next\dist\build
\webpack\loaders\next-f
ont-loader\index.js:86:
33
    at async 
Span.traceAsyncFn (C:\U
sers\migue\OneDrive\Doc
uments\Facultad\E05 - 
ART - Sistema funcionan
do\frontend-ticketeraqr
\node_modules\next\dist
\trace\trace.js:153:20)


> Build failed because 
of webpack errors
