
> frontend-ticketeraqr@0.1.0 build
> next build

   Γû▓ Next.js 15.1.7
   - Environments: .env

   Creating an optimized production build ...
 Γ£ô Compiled successfully
   Linting and checking validity of types ...
node.exe : 
En línea: 1 Carácter: 1
+ & "C:\Program Files\nodejs/node.exe" "C:\Program 
Files\nodejs/node_mo ...
+ ~~~~~~~~~~~~~~~~~~~~~~~~~~~~~~~~~~~~~~~~~~~~~~~~~~~~~~
~~~~~~~~~~~~~~~
    + CategoryInfo          : NotSpecified: (:String) [ 
   ], RemoteException
    + FullyQualifiedErrorId : NativeCommandError
 
Failed to compile.

./src/app/categorias/page.tsx
123:35  Error: Unexpected any. Specify a different 
type.  @typescript-eslint/no-explicit-any

./src/app/clientes/comprar/[id]/page.tsx
44:8  Warning: React Hook useEffect has a missing 
dependency: 'loadData'. Either include it or remove the 
dependency array.  react-hooks/exhaustive-deps

./src/app/components/categoriaForm.tsx
33:47  Error: Unexpected any. Specify a different type. 
 @typescript-eslint/no-explicit-any

./src/app/components/clienteForm.tsx
238:45  Error: Unexpected any. Specify a different 
type.  @typescript-eslint/no-explicit-any
293:31  Error: Unexpected any. Specify a different 
type.  @typescript-eslint/no-explicit-any
297:13  Error: 'prefijo' is assigned a value but never 
used.  @typescript-eslint/no-unused-vars

./src/app/components/eventGrid.tsx
39:25  Warning: Using `<img>` could result in slower 
LCP and higher bandwidth. Consider using `<Image />` 
from `next/image` or a custom image loader to 
automatically optimize images. This may incur 
additional usage or cost from your provider. See: 
https://nextjs.org/docs/messages/no-img-element  
@next/next/no-img-element

./src/app/components/eventoForm.tsx
45:44  Error: Unexpected any. Specify a different type. 
 @typescript-eslint/no-explicit-any

./src/app/components/organizacionForm.tsx
3:17  Error: 'useEffect' is defined but never used.  
@typescript-eslint/no-unused-vars
25:50  Error: Unexpected any. Specify a different type. 
 @typescript-eslint/no-explicit-any
43:19  Error: Unexpected any. Specify a different type. 
 @typescript-eslint/no-explicit-any

./src/app/components/PoliticaForm.tsx
1:10  Error: 'useEffect' is defined but never used.  
@typescript-eslint/no-unused-vars
32:50  Error: Unexpected any. Specify a different type. 
 @typescript-eslint/no-explicit-any

./src/app/components/ticketsForm.tsx
26:44  Error: Unexpected any. Specify a different type. 
 @typescript-eslint/no-explicit-any
36:21  Error: Unexpected any. Specify a different type. 
 @typescript-eslint/no-explicit-any

./src/app/eventos/page.tsx
176:19  Warning: Using `<img>` could result in slower 
LCP and higher bandwidth. Consider using `<Image />` 
from `next/image` or a custom image loader to 
automatically optimize images. This may incur 
additional usage or cost from your provider. See: 
https://nextjs.org/docs/messages/no-img-element  
@next/next/no-img-element

./src/app/login/page.tsx
15:9  Error: 'router' is assigned a value but never 
used.  @typescript-eslint/no-unused-vars

./src/app/organizaciones/scan/page.tsx
31:46  Error: Unexpected any. Specify a different type. 
 @typescript-eslint/no-explicit-any
58:23  Error: Unexpected any. Specify a different type. 
 @typescript-eslint/no-explicit-any
66:33  Error: Unexpected any. Specify a different type. 
 @typescript-eslint/no-explicit-any
79:23  Error: Unexpected any. Specify a different type. 
 @typescript-eslint/no-explicit-any

./src/app/pago-fallido/page.tsx
6:13  Error: Do not use an `<a>` element to navigate to 
`/`. Use `<Link />` from `next/link` instead. See: 
https://nextjs.org/docs/messages/no-html-link-for-pages 
 @next/next/no-html-link-for-pages

./src/app/perfil/page.tsx
7:10  Error: 'useAuth' is defined but never used.  
@typescript-eslint/no-unused-vars
53:26  Error: Unexpected any. Specify a different type. 
 @typescript-eslint/no-explicit-any
86:69  Error: Unexpected any. Specify a different type. 
 @typescript-eslint/no-explicit-any
131:112  Error: Unexpected any. Specify a different 
type.  @typescript-eslint/no-explicit-any
143:118  Error: Unexpected any. Specify a different 
type.  @typescript-eslint/no-explicit-any
158:119  Error: Unexpected any. Specify a different 
type.  @typescript-eslint/no-explicit-any
172:110  Error: Unexpected any. Specify a different 
type.  @typescript-eslint/no-explicit-any
185:129  Error: Unexpected any. Specify a different 
type.  @typescript-eslint/no-explicit-any
194:121  Error: Unexpected any. Specify a different 
type.  @typescript-eslint/no-explicit-any
210:120  Error: Unexpected any. Specify a different 
type.  @typescript-eslint/no-explicit-any
219:68  Error: Unexpected any. Specify a different 
type.  @typescript-eslint/no-explicit-any
220:125  Error: Unexpected any. Specify a different 
type.  @typescript-eslint/no-explicit-any
232:126  Error: Unexpected any. Specify a different 
type.  @typescript-eslint/no-explicit-any
249:114  Error: Unexpected any. Specify a different 
type.  @typescript-eslint/no-explicit-any
266:116  Error: Unexpected any. Specify a different 
type.  @typescript-eslint/no-explicit-any

./src/app/politicas/page.tsx
13:5  Error: 'updatePolitica' is defined but never 
used.  @typescript-eslint/no-unused-vars
14:5  Error: 'deletePolitica' is defined but never 
used.  @typescript-eslint/no-unused-vars

./src/app/reportes/ventas/page.tsx
64:8  Warning: React Hook useEffect has a missing 
dependency: 'fetchData'. Either include it or remove 
the dependency array.  react-hooks/exhaustive-deps

./src/app/reset-password/page.tsx
4:16  Error: 'ArrowLeft' is defined but never used.  
@typescript-eslint/no-unused-vars
5:8  Error: 'Link' is defined but never used.  
@typescript-eslint/no-unused-vars

./src/app/services/eventosService.ts
76:48  Error: Unexpected any. Specify a different type. 
 @typescript-eslint/no-explicit-any

./src/context/AuthContext.tsx
22:11  Error: 'pathname' is assigned a value but never 
used.  @typescript-eslint/no-unused-vars

info  - Need to disable some ESLint rules? Learn more 
here: https://nextjs.org/docs/app/api-reference/config/e
slint#disabling-rules
